// Jest Snapshot v1, https://goo.gl/fbAQLP

exports[`QuestionnaireDesign should render 1`] = `
<Canvas__Canvas>
  <Form
    onChange={[Function]}
    onSubmit={[Function]}
  >
    <TransitionGroup
      childFactory={[Function]}
      component="div"
    >
      <PageTransition>
        <QuestionnaireDesign__AnimatedCanvasSection
          focused={false}
          id="section"
          onBlur={[Function]}
          onFocus={[Function]}
        >
          <Field
            id="section.title"
          >
            <withSeamlessness(withChangeHandler(Input))
              focused={false}
              onChange={[Function]}
              optional={false}
              placeholder="Section title"
              size="medium"
              value=""
            />
          </Field>
          <Field
            id="section.description"
            optional={true}
          >
            <withSeamlessness(withChangeHandler(SeamlessTextArea__TextArea))
              cols="30"
              focused={false}
              onChange={[Function]}
              optional={false}
              placeholder="Enter a description (optional)…"
              rows="5"
              size="small"
            />
          </Field>
        </QuestionnaireDesign__AnimatedCanvasSection>
      </PageTransition>
      <PageTransition>
        <QuestionnaireDesign__AnimatedCanvasSection
          focused={false}
          id="page"
          onBlur={[Function]}
          onFocus={[Function]}
        >
          <Field
            id="page.title"
          >
            <withSeamlessness(withChangeHandler(Input))
              focused={false}
              onChange={[Function]}
              optional={false}
              placeholder="Question title"
              size="large"
              value=""
            />
          </Field>
          <Field
            id="page.description"
            optional={true}
          >
            <withSeamlessness(withChangeHandler(Input))
              focused={false}
              onChange={[Function]}
              optional={false}
              placeholder="Question text (optional)…"
              size="small"
            />
          </Field>
          <Field
            id="page.guidance"
            optional={true}
          >
            <withSeamlessness(withChangeHandler(Input))
              focused={false}
              onChange={[Function]}
              optional={false}
              placeholder="Guidance text (optional)…"
              size="small"
            />
          </Field>
        </QuestionnaireDesign__AnimatedCanvasSection>
      </PageTransition>
      <PageTransition>
        <QuestionnaireDesign__AnimatedCanvasSection
          focused={false}
          id="answer-4"
          onBlur={[Function]}
          onFocus={[Function]}
        >
          <TextAnswer
            answer={
              Object {
                "id": "4",
              }
            }
            index={0}
            onChange={[Function]}
          />
          <QuestionnaireDesign__AnswerDeleteButton
            onClick={[Function]}
            size="medium"
            title="Delete answer"
            type="button"
          />
        </QuestionnaireDesign__AnimatedCanvasSection>
      </PageTransition>
      <PageTransition>
        <QuestionnaireDesign__AnimatedCanvasSection>
          <AnswerTypeSelector
            onSelect={[Function]}
          />
        </QuestionnaireDesign__AnimatedCanvasSection>
      </PageTransition>
    </TransitionGroup>
  </Form>
</Canvas__Canvas>
`;
