// Jest Snapshot v1, https://goo.gl/fbAQLP

exports[`QuestionnaireDesign should render 1`] = `
<Canvas__Canvas>
  <Form
    onChange={[Function]}
    onSubmit={[Function]}
  >
    <TransitionGroup
      childFactory={[Function]}
      component="div"
    >
      <PageTransition>
        <QuestionnaireDesign__AnimatedCanvasSection
          focused={false}
          id="section"
          onBlur={[Function]}
          onFocus={[Function]}
        >
          <SectionEditor
            onChange={[Function]}
            sectionTitle=""
            sectionTitleRef={[Function]}
          />
        </QuestionnaireDesign__AnimatedCanvasSection>
      </PageTransition>
      <PageTransition>
        <QuestionnaireDesign__AnimatedCanvasSection
          focused={false}
          id="page"
          onBlur={[Function]}
          onFocus={[Function]}
        >
          <PageEditor
            onChange={[Function]}
            pageTitle=""
            pageTitleRef={[Function]}
          />
        </QuestionnaireDesign__AnimatedCanvasSection>
      </PageTransition>
      <PageTransition
        onEntered={[Function]}
      >
        <QuestionnaireDesign__AnimatedCanvasSection
          focused={null}
          id="answer-1"
          onBlur={[Function]}
          onFocus={[Function]}
        >
          <Connect(Apollo(Apollo(Apollo(AnswerEditor))))
            answer={
              Object {
                "id": 1,
                "options": Array [
                  Object {
                    "description": "",
                    "id": 0,
                    "label": "",
                  },
                ],
              }
            }
            answerIndex={0}
            onBlur={[Function]}
            onChange={[Function]}
            onEntered={[Function]}
            onFocus={[Function]}
          />
          <Tooltip
            content="Delete answer"
          >
            <QuestionnaireDesign__AnswerDeleteButton
              onClick={[Function]}
              type="button"
            />
          </Tooltip>
        </QuestionnaireDesign__AnimatedCanvasSection>
      </PageTransition>
      <PageTransition>
        <QuestionnaireDesign__AnimatedCanvasSection
          onBlur={[Function]}
          onFocus={[Function]}
        >
          <AnswerTypeSelector
            onSelect={[Function]}
          />
        </QuestionnaireDesign__AnimatedCanvasSection>
      </PageTransition>
    </TransitionGroup>
  </Form>
</Canvas__Canvas>
`;
