// Jest Snapshot v1, https://goo.gl/fbAQLP

exports[`components/Forms/Field should render correctly 1`] = `
.c0 {
  display: block;
  width: 100%;
  margin-bottom: 1em;
  position: relative;
}

.c1 {
  display: block;
  font-size: 0.9em;
  margin-bottom: 0.4em;
  font-weight: 700;
  vertical-align: middle;
}

.c2 {
  padding: 0.7em;
  width: 100%;
  display: block;
  border-radius: 4px;
  border: 1px solid #EAEAEA;
  font-size: 0.9em;
}

.c2:hover {
  border-color: #d1d1d1;
}

.c2:focus {
  outline: none;
  border: 1px solid #3B7A9E;
}

<Field
  id="name"
>
  <Field__StyledField>
    <div
      className="c0"
    >
      <Label
        id="name"
        key=".0"
        small={false}
      >
        <Label__StyledLabel
          htmlFor="name"
          small={false}
        >
          <label
            className="c1"
            htmlFor="name"
          >
            Name
          </label>
        </Label__StyledLabel>
      </Label>
      <withChangeHandler(Input)
        id="name"
        key=".1"
      >
        <Input
          id="name"
          onChange={[Function]}
          type="text"
        >
          <Input__StyledInput
            id="name"
            name="name"
            onChange={[Function]}
            type="text"
          >
            <input
              className="c2"
              id="name"
              name="name"
              onChange={[Function]}
              type="text"
            />
          </Input__StyledInput>
        </Input>
      </withChangeHandler(Input)>
    </div>
  </Field__StyledField>
</Field>
`;
