// Jest Snapshot v1, https://goo.gl/fbAQLP

exports[`components/Forms/Field should render correctly 1`] = `
<Field
  id="name"
>
  <Field__StyledField>
    <div
      className="Field__StyledField-s8a2er2-0 cgUqzV"
    >
      <Label
        id="name"
      >
        <Label__StyledLabel
          htmlFor="name"
        >
          <label
            className="Label__StyledLabel-s137aorq-0 hjlMCV"
            htmlFor="name"
          >
            Name
          </label>
        </Label__StyledLabel>
      </Label>
      <withChangeHandler(Input)
        id="name"
      >
        <Input
          id="name"
          onChange={[Function]}
          type="text"
        >
          <Input__StyledInput
            id="name"
            name="name"
            onChange={[Function]}
            type="text"
          >
            <input
              className="Input__StyledInput-s1dapwku-0 jYJVhX"
              id="name"
              name="name"
              onChange={[Function]}
              type="text"
            />
          </Input__StyledInput>
        </Input>
      </withChangeHandler(Input)>
    </div>
  </Field__StyledField>
</Field>
`;
