// Jest Snapshot v1, https://goo.gl/fbAQLP

exports[`components/Dialog should render a dialog 1`] = `
.c0 {
  display: -webkit-box;
  display: -webkit-flex;
  display: -ms-flexbox;
  display: flex;
  -webkit-flex-direction: column;
  -ms-flex-direction: column;
  flex-direction: column;
  padding: 2em;
  position: relative;
  background: #FFFFFF;
  box-shadow: 0 2px 12px 0 rgba(0,0,0,0.3);
  min-width: 25em;
}

<div
  className="c0"
>
  <div>
    Dialog content
  </div>
</div>
`;
