// Jest Snapshot v1, https://goo.gl/fbAQLP

exports[`BasicAnswer should render 1`] = `
<div>
  <Field>
    <withChangeHandler(WrappingTextArea)
      data-autofocus={true}
      data-test="txt-answer-label"
      name="label"
      onBlur={[Function]}
      onChange={[Function]}
      placeholder="Label"
      size="medium"
      value=""
    />
  </Field>
  <Field>
    <withChangeHandler(WrappingTextArea)
      cols="30"
      data-test="txt-answer-description"
      name="description"
      onBlur={[Function]}
      onChange={[Function]}
      placeholder="Enter a description (optional)…"
      rows="5"
      value="Answer description"
    />
  </Field>
  <div>
    This is the child component
  </div>
</div>
`;
