// Jest Snapshot v1, https://goo.gl/fbAQLP

exports[`BasicAnswer should render 1`] = `
<div>
  <Field
    id="label"
  >
    <withSeamlessness(withChangeHandler(WrappingTextArea))
      data-autofocus={true}
      onBlur={[Function]}
      onChange={[Function]}
      placeholder="Label"
      size="medium"
      value=""
    />
  </Field>
  <Field
    id="description"
  >
    <withSeamlessness(withChangeHandler(WrappingTextArea))
      cols="30"
      onBlur={[Function]}
      onChange={[Function]}
      placeholder="Enter a description (optional)…"
      rows="5"
      size="small"
      value="Answer description"
    />
  </Field>
  <div>
    This is the child component
  </div>
</div>
`;
