// Jest Snapshot v1, https://goo.gl/fbAQLP

exports[`BasicAnswer should render 1`] = `
<div>
  <Field
    last={false}
  >
    <Label
      htmlFor="answer-label-undefined"
    >
      Label
    </Label>
    <withChangeHandler(WrappingInput)
      bold={true}
      data-autofocus={true}
      data-test="txt-answer-label"
      id="answer-label-undefined"
      name="label"
      onBlur={[Function]}
      onChange={[Function]}
      value=""
    />
  </Field>
  <Field
    last={false}
  >
    <Label
      htmlFor="answer-description-undefined"
    >
      Description (optional)
    </Label>
    <withChangeHandler(WrappingInput)
      cols="30"
      data-test="txt-answer-description"
      id="answer-description-undefined"
      name="description"
      onBlur={[Function]}
      onChange={[Function]}
      rows="5"
      value="Answer description"
    />
  </Field>
  <div>
    This is the child component
  </div>
</div>
`;
