// Jest Snapshot v1, https://goo.gl/fbAQLP

exports[`containers/QuestionnaireMeta should render 1`] = `
<BaseLayout
  questionnaire={
    Object {
      "description": "",
      "legalBasis": "",
      "navigation": true,
      "theme": "default",
      "title": "My Questionnaire",
    }
  }
>
  <Grid__Grid
    align="top"
    fillHeight={true}
  >
    <Column__Column
      gutters={false}
      offset={2}
    >
      <QuestionnaireMetaPage__Margin>
        <withEntityEditor(StatelessQuestionnaireMeta)
          onUpdate={[Function]}
          questionnaire={
            Object {
              "description": "",
              "legalBasis": "",
              "navigation": true,
              "theme": "default",
              "title": "My Questionnaire",
            }
          }
        />
      </QuestionnaireMetaPage__Margin>
    </Column__Column>
  </Grid__Grid>
</BaseLayout>
`;

exports[`containers/QuestionnaireMeta should render nothing while loading 1`] = `null`;
