// Jest Snapshot v1, https://goo.gl/fbAQLP

exports[`containers/QuestionnaireMeta should render 1`] = `
<BaseLayout
  docTitle="Questionnaire Meta"
  questionnaire={
    Object {
      "description": "",
      "legalBasis": "",
      "navigation": true,
      "theme": "default",
      "title": "My Questionnaire",
    }
  }
>
  <ScrollPane__ScrollPane>
    <MainCanvas__MainCanvas>
      <withEntityEditor(StatelessQuestionnaireMeta)
        onUpdate={[Function]}
        questionnaire={
          Object {
            "description": "",
            "legalBasis": "",
            "navigation": true,
            "theme": "default",
            "title": "My Questionnaire",
          }
        }
      />
    </MainCanvas__MainCanvas>
  </ScrollPane__ScrollPane>
</BaseLayout>
`;

exports[`containers/QuestionnaireMeta should render nothing while loading 1`] = `null`;
