// Jest Snapshot v1, https://goo.gl/fbAQLP

exports[`QuestionnairesTable should render 1`] = `
<QuestionnairesTable__Table>
  <thead>
    <tr>
      <QuestionnairesTable__TH>
        Questionnaire name
      </QuestionnairesTable__TH>
      <QuestionnairesTable__TH>
        Date
      </QuestionnairesTable__TH>
      <QuestionnairesTable__TH>
        Theme
      </QuestionnairesTable__TH>
      <QuestionnairesTable__TH>
        Status
      </QuestionnairesTable__TH>
      <QuestionnairesTable__TH
        centerAligned={true}
      >
        Comments
      </QuestionnairesTable__TH>
      <QuestionnairesTable__TH />
    </tr>
  </thead>
  <TransitionGroup
    childFactory={[Function]}
    component={[Function]}
    enter={false}
  >
    <CSSTransition
      classNames="row"
      timeout={200}
    >
      <QuestionnairesTable__TR>
        <QuestionnairesTable__TD>
          <QuestionnairesTable__Collapsible
            first={true}
          >
            <QuestionnairesTable__Link
              aria-label="Foo"
              href="#/questionnaire/1/design/1/1"
              title="Foo"
            >
              Foo
            </QuestionnairesTable__Link>
          </QuestionnairesTable__Collapsible>
        </QuestionnairesTable__TD>
        <QuestionnairesTable__TD>
          <QuestionnairesTable__Collapsible>
            2/1/2017
          </QuestionnairesTable__Collapsible>
        </QuestionnairesTable__TD>
        <QuestionnairesTable__TD>
          <QuestionnairesTable__Collapsible>
            default
          </QuestionnairesTable__Collapsible>
        </QuestionnairesTable__TD>
        <QuestionnairesTable__TD>
          <QuestionnairesTable__Collapsible>
            Unpublished
          </QuestionnairesTable__Collapsible>
        </QuestionnairesTable__TD>
        <QuestionnairesTable__TD
          centerAligned={true}
        >
          <QuestionnairesTable__Collapsible />
        </QuestionnairesTable__TD>
        <QuestionnairesTable__TD>
          <QuestionnairesTable__Collapsible
            last={true}
          >
            <DeleteQuestionnaireButton
              onClick={[Function]}
            />
          </QuestionnairesTable__Collapsible>
        </QuestionnairesTable__TD>
      </QuestionnairesTable__TR>
    </CSSTransition>
    <CSSTransition
      classNames="row"
      timeout={200}
    >
      <QuestionnairesTable__TR>
        <QuestionnairesTable__TD>
          <QuestionnairesTable__Collapsible
            first={true}
          >
            <QuestionnairesTable__Link
              aria-label="Foo"
              href="#/questionnaire/2/design/2/2"
              title="Foo"
            >
              Foo
            </QuestionnairesTable__Link>
          </QuestionnairesTable__Collapsible>
        </QuestionnairesTable__TD>
        <QuestionnairesTable__TD>
          <QuestionnairesTable__Collapsible>
            4/3/2017
          </QuestionnairesTable__Collapsible>
        </QuestionnairesTable__TD>
        <QuestionnairesTable__TD>
          <QuestionnairesTable__Collapsible>
            default
          </QuestionnairesTable__Collapsible>
        </QuestionnairesTable__TD>
        <QuestionnairesTable__TD>
          <QuestionnairesTable__Collapsible>
            Unpublished
          </QuestionnairesTable__Collapsible>
        </QuestionnairesTable__TD>
        <QuestionnairesTable__TD
          centerAligned={true}
        >
          <QuestionnairesTable__Collapsible>
            <CommentsButton
              hasUnread={true}
            />
          </QuestionnairesTable__Collapsible>
        </QuestionnairesTable__TD>
        <QuestionnairesTable__TD>
          <QuestionnairesTable__Collapsible
            last={true}
          >
            <DeleteQuestionnaireButton
              onClick={[Function]}
            />
          </QuestionnairesTable__Collapsible>
        </QuestionnairesTable__TD>
      </QuestionnairesTable__TR>
    </CSSTransition>
  </TransitionGroup>
</QuestionnairesTable__Table>
`;
