// Jest Snapshot v1, https://goo.gl/fbAQLP

exports[`QuestionnairesTable should render 1`] = `
<QuestionnairesTable__Table>
  <thead>
    <tr>
      <QuestionnairesTable__TH
        colWidth="50%"
      >
        Questionnaire name
      </QuestionnairesTable__TH>
      <QuestionnairesTable__TH
        colWidth="15%"
      >
        Date
      </QuestionnairesTable__TH>
      <QuestionnairesTable__TH
        colWidth="25%"
      >
        Created by
      </QuestionnairesTable__TH>
      <QuestionnairesTable__TH
        colWidth="10%"
      />
    </tr>
  </thead>
  <TransitionGroup
    childFactory={[Function]}
    component={[Function]}
    enter={false}
  >
    <QuestionnairesTable__RowTransition
      key="1"
      timeout={200}
    >
      <QuestionnairesTable__TR>
        <QuestionnairesTable__TD
          textAlign="left"
        >
          <QuestionnairesTable__Collapsible>
            <TruncatedQuestionnaireLink
              questionnaire={
                Object {
                  "createdAt": "2017/01/02",
                  "createdBy": Object {
                    "name": "Alan",
                  },
                  "id": "1",
                  "sections": Array [
                    Object {
                      "id": "1",
                      "pages": Array [
                        Object {
                          "id": "1",
                        },
                      ],
                    },
                  ],
                  "title": "Foo",
                }
              }
              title="Foo"
            >
              Foo
            </TruncatedQuestionnaireLink>
          </QuestionnairesTable__Collapsible>
        </QuestionnairesTable__TD>
        <QuestionnairesTable__TD
          textAlign="left"
        >
          <QuestionnairesTable__Collapsible>
            <FormattedDate
              date="2017/01/02"
            />
          </QuestionnairesTable__Collapsible>
        </QuestionnairesTable__TD>
        <QuestionnairesTable__TD
          textAlign="left"
        >
          <QuestionnairesTable__Collapsible>
            <Truncated>
              Alan
            </Truncated>
          </QuestionnairesTable__Collapsible>
        </QuestionnairesTable__TD>
        <QuestionnairesTable__TD
          textAlign="center"
        >
          <QuestionnairesTable__Collapsible>
            <IconButtonDelete
              onClick={[Function]}
            />
          </QuestionnairesTable__Collapsible>
        </QuestionnairesTable__TD>
      </QuestionnairesTable__TR>
    </QuestionnairesTable__RowTransition>
    <QuestionnairesTable__RowTransition
      key="2"
      timeout={200}
    >
      <QuestionnairesTable__TR>
        <QuestionnairesTable__TD
          textAlign="left"
        >
          <QuestionnairesTable__Collapsible>
            <TruncatedQuestionnaireLink
              questionnaire={
                Object {
                  "createdAt": "2017/03/04",
                  "createdBy": Object {
                    "name": "Lynn",
                  },
                  "id": "2",
                  "sections": Array [
                    Object {
                      "id": "2",
                      "pages": Array [
                        Object {
                          "id": "2",
                        },
                      ],
                    },
                  ],
                  "title": "Bar",
                }
              }
              title="Bar"
            >
              Bar
            </TruncatedQuestionnaireLink>
          </QuestionnairesTable__Collapsible>
        </QuestionnairesTable__TD>
        <QuestionnairesTable__TD
          textAlign="left"
        >
          <QuestionnairesTable__Collapsible>
            <FormattedDate
              date="2017/03/04"
            />
          </QuestionnairesTable__Collapsible>
        </QuestionnairesTable__TD>
        <QuestionnairesTable__TD
          textAlign="left"
        >
          <QuestionnairesTable__Collapsible>
            <Truncated>
              Lynn
            </Truncated>
          </QuestionnairesTable__Collapsible>
        </QuestionnairesTable__TD>
        <QuestionnairesTable__TD
          textAlign="center"
        >
          <QuestionnairesTable__Collapsible>
            <IconButtonDelete
              onClick={[Function]}
            />
          </QuestionnairesTable__Collapsible>
        </QuestionnairesTable__TD>
      </QuestionnairesTable__TR>
    </QuestionnairesTable__RowTransition>
  </TransitionGroup>
</QuestionnairesTable__Table>
`;
