// Jest Snapshot v1, https://goo.gl/fbAQLP

exports[`components/Popout/PopupTransition should render 1`] = `
.c0 {
  -webkit-transform-origin: center center;
  -ms-transform-origin: center center;
  transform-origin: center center;
  -webkit-transition: opacity 50ms ease-in,-webkit-transform 200ms cubic-bezier(0.175,0.885,0.32,1.4);
  -webkit-transition: opacity 50ms ease-in,transform 200ms cubic-bezier(0.175,0.885,0.32,1.4);
  transition: opacity 50ms ease-in,transform 200ms cubic-bezier(0.175,0.885,0.32,1.4);
  -webkit-transform: translateY(-3em) scale(1);
  -ms-transform: translateY(-3em) scale(1);
  transform: translateY(-3em) scale(1);
}

.c0.popup-enter {
  opacity: 0.01;
  -webkit-transform: translateY(0) scale(0.6);
  -ms-transform: translateY(0) scale(0.6);
  transform: translateY(0) scale(0.6);
}

.c0.popup-enter-active {
  opacity: 1;
  -webkit-transform: translateY(-3em) scale(1);
  -ms-transform: translateY(-3em) scale(1);
  transform: translateY(-3em) scale(1);
}

.c0.popup-exit {
  opacity: 1;
  -webkit-transform: translateY(-3em) scale(1);
  -ms-transform: translateY(-3em) scale(1);
  transform: translateY(-3em) scale(1);
  -webkit-transition: opacity 50ms ease-in,-webkit-transform 200ms ease-in;
  -webkit-transition: opacity 50ms ease-in,transform 200ms ease-in;
  transition: opacity 50ms ease-in,transform 200ms ease-in;
}

.c0.popup-exit-active {
  opacity: 0.01;
  -webkit-transform: translateY(0) scale(0.6);
  -ms-transform: translateY(0) scale(0.6);
  transform: translateY(0) scale(0.6);
}

<PopupTransition
  arbitraryProp="foo"
  duration={200}
  in={false}
>
  <CSSTransition
    arbitraryProp="foo"
    classNames="popup"
    in={false}
    timeout={200}
  >
    <Transition
      appear={false}
      arbitraryProp="foo"
      enter={true}
      exit={true}
      in={false}
      mountOnEnter={false}
      onEnter={[Function]}
      onEntered={[Function]}
      onEntering={[Function]}
      onExit={[Function]}
      onExited={[Function]}
      onExiting={[Function]}
      timeout={200}
      unmountOnExit={false}
    >
      <PopupTransition__Animated
        arbitraryProp="foo"
        duration={200}
      >
        <div
          className="c0"
        >
          <div>
            hello world
          </div>
        </div>
      </PopupTransition__Animated>
    </Transition>
  </CSSTransition>
</PopupTransition>
`;
