// Jest Snapshot v1, https://goo.gl/fbAQLP

exports[`components/RichTextEditor/Toolbar should render as hidden 1`] = `
<TransitionGroup
  childFactory={[Function]}
  component={[Function]}
/>
`;

exports[`components/RichTextEditor/Toolbar should render as visible 1`] = `
<TransitionGroup
  childFactory={[Function]}
  component={[Function]}
>
  <PopupTransition
    duration={200}
    in={false}
  >
    <Toolbar__ToolbarPanel
      controls={
        Object {
          "bold": true,
          "emphasis": true,
          "heading": true,
          "list": true,
        }
      }
      isActiveControl={[Function]}
      onFocus={[Function]}
      onToggle={[Function]}
      visible={true}
    >
      <Toolbar__ButtonGroup>
        <Toolbar__Button
          disabled={false}
          icon="icon-heading.svg"
          onClick={[Function]}
          onKeyDown={[Function]}
          onMouseDown={[Function]}
          title="Heading"
        />
        <Toolbar__Button
          disabled={false}
          icon="icon-bold.svg"
          onClick={[Function]}
          onKeyDown={[Function]}
          onMouseDown={[Function]}
          title="Bold"
        />
        <Toolbar__Button
          disabled={false}
          icon="icon-emphasis.svg"
          onClick={[Function]}
          onKeyDown={[Function]}
          onMouseDown={[Function]}
          title="Emphasis"
        />
        <Toolbar__Button
          disabled={false}
          icon="icon-list.svg"
          onClick={[Function]}
          onKeyDown={[Function]}
          onMouseDown={[Function]}
          title="List"
        />
      </Toolbar__ButtonGroup>
    </Toolbar__ToolbarPanel>
  </PopupTransition>
</TransitionGroup>
`;
