// Jest Snapshot v1, https://goo.gl/fbAQLP

exports[`QuestionnaireDesignPage should render form when loaded 1`] = `
<BaseLayout
  docTitle="hello world"
  questionnaire={
    Object {
      "id": "3",
      "sections": Array [
        Object {
          "id": "2",
          "pages": Array [
            Object {
              "answers": Array [
                Object {
                  "id": "1",
                  "label": "",
                  "options": Array [
                    Object {
                      "id": "1",
                    },
                  ],
                },
              ],
              "description": "",
              "guidance": "",
              "id": "1",
              "title": "",
              "type": "General",
            },
          ],
          "title": "",
        },
      ],
      "title": "hello world",
    }
  }
>
  <Grid__Grid
    align="top"
    fillHeight={true}
  >
    <Column__Column
      cols={2}
      gutters={false}
    >
      <ScrollPane__ScrollPane>
        <withRouter(Apollo(Apollo(Apollo(Apollo(QuestionnaireNav)))))
          pageId="1"
          questionnaire={
            Object {
              "id": "3",
              "sections": Array [
                Object {
                  "id": "2",
                  "pages": Array [
                    Object {
                      "answers": Array [
                        Object {
                          "id": "1",
                          "label": "",
                          "options": Array [
                            Object {
                              "id": "1",
                            },
                          ],
                        },
                      ],
                      "description": "",
                      "guidance": "",
                      "id": "1",
                      "title": "",
                      "type": "General",
                    },
                  ],
                  "title": "",
                },
              ],
              "title": "hello world",
            }
          }
          questionnaireId="3"
          sectionId="2"
        />
      </ScrollPane__ScrollPane>
    </Column__Column>
    <Column__Column
      cols={12}
      gutters={false}
    >
      <ScrollPane__ScrollPane>
        <MainCanvas__MainCanvas>
          <EditorSurface
            focused="section"
            onFocus={[Function]}
            onUpdatePage={[Function]}
            onUpdateSection={[Function]}
            page={
              Object {
                "answers": Array [
                  Object {
                    "id": "1",
                    "label": "",
                    "options": Array [
                      Object {
                        "id": "1",
                      },
                    ],
                  },
                ],
                "description": "",
                "guidance": "",
                "id": "1",
                "title": "",
                "type": "General",
              }
            }
            section={
              Object {
                "id": "2",
                "pages": Array [
                  Object {
                    "answers": Array [
                      Object {
                        "id": "1",
                        "label": "",
                        "options": Array [
                          Object {
                            "id": "1",
                          },
                        ],
                      },
                    ],
                    "description": "",
                    "guidance": "",
                    "id": "1",
                    "title": "",
                    "type": "General",
                  },
                ],
                "title": "",
              }
            }
          />
        </MainCanvas__MainCanvas>
      </ScrollPane__ScrollPane>
    </Column__Column>
    <Column__Column
      cols={2}
      gutters={false}
    >
      <PropertiesPanel
        orderMax={10}
        orderMin={1}
        page={
          Object {
            "answers": Array [
              Object {
                "id": "1",
                "label": "",
                "options": Array [
                  Object {
                    "id": "1",
                  },
                ],
              },
            ],
            "description": "",
            "guidance": "",
            "id": "1",
            "title": "",
            "type": "General",
          }
        }
      />
    </Column__Column>
  </Grid__Grid>
</BaseLayout>
`;

exports[`QuestionnaireDesignPage should render nothing when loading 1`] = `null`;
