// Jest Snapshot v1, https://goo.gl/fbAQLP

exports[`QuestionnaireDesignPage should render form when loaded 1`] = `
<BaseLayout
  docTitle="hello world"
  questionnaire={
    Object {
      "id": "3",
      "sections": Array [
        Object {
          "id": "2",
          "pages": Array [
            Object {
              "answers": Array [
                Object {
                  "id": "1",
                  "label": "",
                  "options": Array [
                    Object {
                      "id": "1",
                    },
                  ],
                },
              ],
              "description": "",
              "guidance": "",
              "id": "1",
              "title": "",
              "type": "General",
            },
          ],
          "title": "",
        },
      ],
      "title": "hello world",
    }
  }
>
  <Grid
    align="top"
    fillHeight={true}
  >
    <Column
      cols={2}
      gutters={false}
    >
      <Connect(withRouter(Apollo(Apollo(Apollo(Apollo(NavigationSidebar))))))
        pageId="1"
        questionnaire={
          Object {
            "id": "3",
            "sections": Array [
              Object {
                "id": "2",
                "pages": Array [
                  Object {
                    "answers": Array [
                      Object {
                        "id": "1",
                        "label": "",
                        "options": Array [
                          Object {
                            "id": "1",
                          },
                        ],
                      },
                    ],
                    "description": "",
                    "guidance": "",
                    "id": "1",
                    "title": "",
                    "type": "General",
                  },
                ],
                "title": "",
              },
            ],
            "title": "hello world",
          }
        }
        questionnaireId="3"
        sectionId="2"
      />
    </Column>
    <Column
      cols={12}
      gutters={false}
    >
      <ScrollPane>
        <MainCanvas>
          <withRouter(NavWithoutRouter)
            page={
              Object {
                "answers": Array [
                  Object {
                    "id": "1",
                    "label": "",
                    "options": Array [
                      Object {
                        "id": "1",
                      },
                    ],
                  },
                ],
                "description": "",
                "guidance": "",
                "id": "1",
                "title": "",
                "type": "General",
              }
            }
            questionnaire={
              Object {
                "id": "3",
                "sections": Array [
                  Object {
                    "id": "2",
                    "pages": Array [
                      Object {
                        "answers": Array [
                          Object {
                            "id": "1",
                            "label": "",
                            "options": Array [
                              Object {
                                "id": "1",
                              },
                            ],
                          },
                        ],
                        "description": "",
                        "guidance": "",
                        "id": "1",
                        "title": "",
                        "type": "General",
                      },
                    ],
                    "title": "",
                  },
                ],
                "title": "hello world",
              }
            }
            section={
              Object {
                "id": "2",
                "pages": Array [
                  Object {
                    "answers": Array [
                      Object {
                        "id": "1",
                        "label": "",
                        "options": Array [
                          Object {
                            "id": "1",
                          },
                        ],
                      },
                    ],
                    "description": "",
                    "guidance": "",
                    "id": "1",
                    "title": "",
                    "type": "General",
                  },
                ],
                "title": "",
              }
            }
          />
          <Connect(UnconnectedSavingIndicator) />
          <EditorSurface
            onDeletePage={[Function]}
            onDeleteSection={[Function]}
            onUpdatePage={[Function]}
            onUpdateSection={[Function]}
            page={
              Object {
                "answers": Array [
                  Object {
                    "id": "1",
                    "label": "",
                    "options": Array [
                      Object {
                        "id": "1",
                      },
                    ],
                  },
                ],
                "description": "",
                "guidance": "",
                "id": "1",
                "title": "",
                "type": "General",
              }
            }
            questionnaire={
              Object {
                "id": "3",
                "sections": Array [
                  Object {
                    "id": "2",
                    "pages": Array [
                      Object {
                        "answers": Array [
                          Object {
                            "id": "1",
                            "label": "",
                            "options": Array [
                              Object {
                                "id": "1",
                              },
                            ],
                          },
                        ],
                        "description": "",
                        "guidance": "",
                        "id": "1",
                        "title": "",
                        "type": "General",
                      },
                    ],
                    "title": "",
                  },
                ],
                "title": "hello world",
              }
            }
            section={
              Object {
                "id": "2",
                "pages": Array [
                  Object {
                    "answers": Array [
                      Object {
                        "id": "1",
                        "label": "",
                        "options": Array [
                          Object {
                            "id": "1",
                          },
                        ],
                      },
                    ],
                    "description": "",
                    "guidance": "",
                    "id": "1",
                    "title": "",
                    "type": "General",
                  },
                ],
                "title": "",
              }
            }
          />
        </MainCanvas>
        <QuestionnaireDesignPage__Centered>
          <Button
            data-test="btn-add-page-2"
            onClick={[Function]}
            small={true}
            type="button"
            variant="tertiary"
          >
            <IconText
              hideText={false}
              icon={[Function]}
            >
              Add question page
            </IconText>
          </Button>
        </QuestionnaireDesignPage__Centered>
      </ScrollPane>
    </Column>
    <Column
      cols={2}
      gutters={false}
    >
      <PropertiesPanel
        page={
          Object {
            "answers": Array [
              Object {
                "id": "1",
                "label": "",
                "options": Array [
                  Object {
                    "id": "1",
                  },
                ],
              },
            ],
            "description": "",
            "guidance": "",
            "id": "1",
            "title": "",
            "type": "General",
          }
        }
        questionnaire={
          Object {
            "id": "3",
            "sections": Array [
              Object {
                "id": "2",
                "pages": Array [
                  Object {
                    "answers": Array [
                      Object {
                        "id": "1",
                        "label": "",
                        "options": Array [
                          Object {
                            "id": "1",
                          },
                        ],
                      },
                    ],
                    "description": "",
                    "guidance": "",
                    "id": "1",
                    "title": "",
                    "type": "General",
                  },
                ],
                "title": "",
              },
            ],
            "title": "hello world",
          }
        }
      />
    </Column>
  </Grid>
</BaseLayout>
`;

exports[`QuestionnaireDesignPage should render nothing when loading 1`] = `""`;
