// Jest Snapshot v1, https://goo.gl/fbAQLP

exports[`QuestionnaireDesignPage should render form when loaded 1`] = `
<BaseLayout
  questionnaire={
    Object {
      "id": "3",
      "sections": Array [
        Object {
          "id": "2",
          "pages": Array [
            Object {
              "answers": Array [
                Object {
                  "id": 1,
                  "label": "",
                  "options": Array [
                    Object {
                      "id": 1,
                    },
                  ],
                },
              ],
              "description": "",
              "guidance": "",
              "id": "1",
              "title": "",
              "type": "General",
            },
          ],
          "title": "",
        },
      ],
      "title": "hello world",
    }
  }
>
  <Grid__Grid
    align="top"
    fillHeight={true}
  >
    <Column__Column
      cols={2}
      gutters={false}
    >
      <withRouter(Apollo(Apollo(Apollo(Apollo(QuestionnaireNav)))))
        pageId="1"
        questionnaireId="3"
      />
    </Column__Column>
    <Column__Column
      gutters={false}
    >
      <EditorSurface
        focused="section"
        onBlur={[Function]}
        onFocus={[Function]}
        onUpdatePage={[Function]}
        onUpdateSection={[Function]}
        page={
          Object {
            "answers": Array [
              Object {
                "id": 1,
                "label": "",
                "options": Array [
                  Object {
                    "id": 1,
                  },
                ],
              },
            ],
            "description": "",
            "guidance": "",
            "id": "1",
            "title": "",
            "type": "General",
          }
        }
        section={
          Object {
            "id": "2",
            "pages": Array [
              Object {
                "answers": Array [
                  Object {
                    "id": 1,
                    "label": "",
                    "options": Array [
                      Object {
                        "id": 1,
                      },
                    ],
                  },
                ],
                "description": "",
                "guidance": "",
                "id": "1",
                "title": "",
                "type": "General",
              },
            ],
            "title": "",
          }
        }
      />
    </Column__Column>
    <Column__Column
      cols={2}
      gutters={false}
    >
      <PropertyPane__PropertyPane>
        <PropertyPaneTitle__PropertyPaneTitle>
          Question properties
        </PropertyPaneTitle__PropertyPaneTitle>
        <QuestionProperties
          onSubmit={[Function]}
          question={
            Object {
              "answers": Array [
                Object {
                  "id": 1,
                  "label": "",
                  "options": Array [
                    Object {
                      "id": 1,
                    },
                  ],
                },
              ],
              "description": "",
              "guidance": "",
              "id": "1",
              "title": "",
              "type": "General",
            }
          }
        />
      </PropertyPane__PropertyPane>
    </Column__Column>
  </Grid__Grid>
</BaseLayout>
`;

exports[`QuestionnaireDesignPage should render nothing when loading 1`] = `null`;
