// Jest Snapshot v1, https://goo.gl/fbAQLP

exports[`QuestionnaireMeta should render 1`] = `
<Panel__CenteredPanel>
  <Form
    onSubmit={[Function]}
  >
    <Field
      id="title"
    >
      <Label>
        Questionnaire Title
      </Label>
      <withChangeHandler(Input)
        autoFocus={true}
        defaultValue="I am the title"
        onBlur={[Function]}
        onChange={[Function]}
        required={true}
      />
    </Field>
    <Field
      id="description"
    >
      <Label>
        Description
      </Label>
      <withChangeHandler(TextArea)
        defaultValue="I am the description"
        onBlur={[Function]}
        onChange={[Function]}
        required={true}
        rows={4}
      />
    </Field>
    <Grid
      align="top"
      fillHeight={true}
    >
      <Column
        cols={6}
      >
        <Field
          id="surveyId"
        >
          <Label>
            Survey ID
          </Label>
          <withChangeHandler(Input)
            onBlur={[Function]}
            onChange={[Function]}
            required={true}
          />
        </Field>
      </Column>
    </Grid>
    <Grid
      align="top"
      fillHeight={true}
    >
      <Column
        cols={6}
      >
        <Field
          id="theme"
        >
          <Label>
            Theme
          </Label>
          <withChangeHandler(Select)
            defaultValue="default"
            onBlur={[Function]}
            onChange={[Function]}
            options={
              Array [
                "default",
                "census",
              ]
            }
          />
        </Field>
      </Column>
      <Column
        cols={6}
      >
        <Field
          id="legalBasis"
        >
          <Label>
            Legal Basis
          </Label>
          <withChangeHandler(Select)
            defaultValue="StatisticsOfTradeAct"
            onBlur={[Function]}
            onChange={[Function]}
            options={
              Array [
                "StatisticsOfTradeAct",
                "Voluntary",
              ]
            }
          />
        </Field>
      </Column>
    </Grid>
    <Field
      id="navigation"
    >
      <withChangeHandler(Input)
        onBlur={[Function]}
        onChange={[Function]}
        type="checkbox"
      />
      <Label
        inline={true}
      >
        Navigation
      </Label>
    </Field>
    Children
  </Form>
</Panel__CenteredPanel>
`;
