// Jest Snapshot v1, https://goo.gl/fbAQLP

exports[`QuestionnaireMeta should render 1`] = `
<Form
  onSubmit={[Function]}
>
  <Field
    id="title"
  >
    <Label
      small={false}
    >
      Questionnaire Title
    </Label>
    <withChangeHandler(Input)
      autoFocus={true}
      defaultValue="I am the title"
      onChange={[Function]}
      required={true}
    />
  </Field>
  <QuestionnaireMeta__ToggleWrapper>
    <QuestionnaireMeta__InlineField
      id="navigation"
    >
      <Label
        inline={true}
        small={false}
      >
        <QuestionnaireMeta__Icon
          alt=""
          fade={true}
          src="icon-show-nav.svg"
        />
        Show section navigation
      </Label>
      <ToggleSwitch
        checked={false}
        name="navigation"
        onChange={[Function]}
      />
    </QuestionnaireMeta__InlineField>
    <QuestionnaireMeta__InlineField
      id="summary"
    >
      <Label
        inline={true}
        small={false}
      >
        <QuestionnaireMeta__Icon
          alt=""
          fade={true}
          src="icon-show-confirmation.svg"
        />
        Show summary on confirmation page
      </Label>
      <ToggleSwitch
        checked={false}
        name="summary"
        onChange={[Function]}
      />
    </QuestionnaireMeta__InlineField>
  </QuestionnaireMeta__ToggleWrapper>
  Children
</Form>
`;
