// Jest Snapshot v1, https://goo.gl/fbAQLP

exports[`QuestionnaireMeta should render 1`] = `
<QuestionnaireMeta__Center>
  <Panel__CenteredPanel>
    <Form
      onSubmit={[Function]}
    >
      <Field
        id="title"
      >
        <Label>
          Questionnaire Title
        </Label>
        <Input
          defaultValue="I am the title"
          onBlur={[Function]}
          onChange={[Function]}
          required={true}
          type="text"
        />
      </Field>
      <Field
        id="description"
      >
        <Label>
          Description
        </Label>
        <Textarea
          defaultValue="I am the description"
          onBlur={[Function]}
          onChange={[Function]}
          required={true}
          rows={4}
        />
      </Field>
      <Grid__Grid
        align="top"
        fillHeight={true}
      >
        <Column__Column
          cols={6}
        >
          <Field
            id="surveyId"
          >
            <Label>
              Survey ID
            </Label>
            <Input
              onBlur={[Function]}
              onChange={[Function]}
              required={true}
              type="text"
            />
          </Field>
        </Column__Column>
      </Grid__Grid>
      <Grid__Grid
        align="top"
        fillHeight={true}
      >
        <Column__Column
          cols={6}
        >
          <Field
            id="theme"
          >
            <Label>
              Theme
            </Label>
            <Select
              defaultValue="default"
              onBlur={[Function]}
              onChange={[Function]}
              options={
                Array [
                  "default",
                  "census",
                ]
              }
            />
          </Field>
        </Column__Column>
        <Column__Column
          cols={6}
        >
          <Field
            id="legal_basis"
          >
            <Label>
              Legal Basis
            </Label>
            <Select
              defaultValue="StatisticsOfTradeAct"
              onBlur={[Function]}
              onChange={[Function]}
              options={
                Array [
                  "StatisticsOfTradeAct",
                  "Voluntary",
                ]
              }
            />
          </Field>
        </Column__Column>
      </Grid__Grid>
      <Field
        id="navigation"
      >
        <Input
          onBlur={[Function]}
          onChange={[Function]}
          type="checkbox"
        />
        <Label
          inline={true}
        >
          Navigation
        </Label>
      </Field>
      Children
    </Form>
  </Panel__CenteredPanel>
</QuestionnaireMeta__Center>
`;
