// Jest Snapshot v1, https://goo.gl/fbAQLP

exports[`OfflineBanner should not render when user is online 1`] = `
<TransitionGroup
  childFactory={[Function]}
  component="div"
/>
`;

exports[`OfflineBanner should render when offline 1`] = `
<TransitionGroup
  childFactory={[Function]}
  component="div"
>
  <OfflineBanner__StyledExpansionTransition
    finalHeight="2.5em"
  >
    <OfflineBanner__Banner>
      <OfflineBanner__WarningMessage
        icon={[Function]}
      >
        You're currently offline and any changes you make won't be saved. Check your connection and try again.
      </OfflineBanner__WarningMessage>
    </OfflineBanner__Banner>
  </OfflineBanner__StyledExpansionTransition>
</TransitionGroup>
`;
