// Jest Snapshot v1, https://goo.gl/fbAQLP

exports[`SeamlessInput should render 1`] = `
.c0 {
  border: none;
  padding: 0;
  color: #35414D;
  outline: none;
  display: block;
  width: 100%;
  font-size: 0.875em;
}

.c0:focus {
  outline: none;
}

.c0::-webkit-input-placeholder {
  color: #a3a3a3;
}

.c0::-moz-placeholder {
  color: #a3a3a3;
}

.c0:-ms-input-placeholder {
  color: #a3a3a3;
}

.c0::placeholder {
  color: #a3a3a3;
}

.c0[aria-hidden="true"] {
  visibility: hidden;
}

<withSeamlessness(withChangeHandler(Input))
  focused={false}
  id="foo"
  onChange={[Function]}
  optional={false}
  size="small"
  value="123"
>
  <withSeamlessness__StyledSeamless
    aria-hidden={false}
    name="foo"
    onChange={[Function]}
    size="small"
    value="123"
  >
    <withChangeHandler(Input)
      aria-hidden={false}
      className="c0"
      name="foo"
      onChange={[Function]}
      size="small"
      value="123"
    >
      <Input
        aria-hidden={false}
        className="c0"
        name="foo"
        onChange={[Function]}
        size="small"
        value="123"
      >
        <input
          aria-hidden={false}
          className="c0"
          name="foo"
          onChange={[Function]}
          size="small"
          type="text"
          value="123"
        />
      </Input>
    </withChangeHandler(Input)>
  </withSeamlessness__StyledSeamless>
</withSeamlessness(withChangeHandler(Input))>
`;
