// Jest Snapshot v1, https://goo.gl/fbAQLP

exports[`SeamlessInput should render 1`] = `
.c0 {
  border: none;
  padding: 0;
  color: #35414D;
  outline: none;
  display: block;
  width: 100%;
  -webkit-transition: opacity 200ms ease-out;
  transition: opacity 200ms ease-out;
  font-size: 0.875em;
}

.c0:focus {
  outline: none;
}

.c0::-webkit-input-placeholder {
  color: #a3a3a3;
}

.c0::-moz-placeholder {
  color: #a3a3a3;
}

.c0:-ms-input-placeholder {
  color: #a3a3a3;
}

.c0::placeholder {
  color: #a3a3a3;
}

<withSeamlessness(withChangeHandler(Input))
  id="foo"
  onChange={[Function]}
  optional={false}
  size="small"
  value="123"
>
  <withSeamlessness__StyledSeamless
    name="foo"
    onChange={[Function]}
    size="small"
    value="123"
  >
    <withChangeHandler(Input)
      className="c0"
      name="foo"
      onChange={[Function]}
      size="small"
      value="123"
    >
      <Input
        className="c0"
        name="foo"
        onChange={[Function]}
        size="small"
        value="123"
      >
        <input
          className="c0"
          name="foo"
          onChange={[Function]}
          size="small"
          type="text"
          value="123"
        />
      </Input>
    </withChangeHandler(Input)>
  </withSeamlessness__StyledSeamless>
</withSeamlessness(withChangeHandler(Input))>
`;
