// Jest Snapshot v1, https://goo.gl/fbAQLP

exports[`components/Breadcrumb renders correctly  1`] = `
<Breadcrumb__StyledBreadcrumb>
  <Breadcrumb__BreadcrumbList>
    <Breadcrumb__BreadcrumbItem>
      <Link
        replace={false}
        to="/"
      >
        Home
      </Link>
    </Breadcrumb__BreadcrumbItem>
    <Breadcrumb__BreadcrumbItem>
      <Link
        replace={false}
        to="/create"
      >
        Create Survey
      </Link>
    </Breadcrumb__BreadcrumbItem>
  </Breadcrumb__BreadcrumbList>
</Breadcrumb__StyledBreadcrumb>
`;
