// Jest Snapshot v1, https://goo.gl/fbAQLP

exports[`MultipleChoiceAnswer should match snapshot 1`] = `
<withEntityEditor(StatelessBasicAnswer)
  answer={
    Object {
      "id": "0",
      "options": Array [
        Object {
          "__typename": "Option",
          "description": "",
          "id": "1",
          "label": "",
        },
      ],
    }
  }
  labelPlaceholder="Label (optional)"
  onChange={[Function]}
  onUpdate={[Function]}
>
  <MultipleChoiceAnswer__AnswerWrapper>
    <TransitionGroup
      childFactory={[Function]}
      component={[Function]}
    >
      <CSSTransition
        classNames="option"
        key="1"
        timeout={200}
      >
        <withEntityEditor(StatelessOption)
          hasDeleteButton={false}
          onAddOption={[Function]}
          onDelete={[Function]}
          onDeleteOption={[Function]}
          onEnterKey={[Function]}
          onUpdate={[Function]}
          option={
            Object {
              "__typename": "Option",
              "description": "",
              "id": "1",
              "label": "",
            }
          }
        />
      </CSSTransition>
    </TransitionGroup>
    <div>
      <Button
        data-test="btn-add-option"
        onClick={[Function]}
        secondary={true}
        type="button"
      >
        Add another option
      </Button>
    </div>
  </MultipleChoiceAnswer__AnswerWrapper>
</withEntityEditor(StatelessBasicAnswer)>
`;
