// Jest Snapshot v1, https://goo.gl/fbAQLP

exports[`components/Forms/TextArea should render correctly 1`] = `
.c0 {
  padding: 0.7em;
  width: 100%;
  display: block;
  border-radius: 2px;
  border: 1px solid #EAEAEA;
  font-size: 0.9em;
  resize: none;
}

.c0:focus {
  outline: none;
  border: 1px solid #008AD2;
}

<withChangeHandler(TextArea)
  defaultValue="I am some text"
  id="text"
  name="text"
  onChange={[Function]}
>
  <TextArea
    className={undefined}
    defaultValue="I am some text"
    id="text"
    name="text"
    onChange={[Function]}
    rows={10}
    value={undefined}
  >
    <TextArea__StyledTextArea
      className={undefined}
      defaultValue="I am some text"
      id="text"
      name="text"
      onChange={[Function]}
      rows={10}
      value={undefined}
    >
      <textarea
        className="c0"
        defaultValue="I am some text"
        id="text"
        name="text"
        onChange={[Function]}
        rows={10}
        value={undefined}
      />
    </TextArea__StyledTextArea>
  </TextArea>
</withChangeHandler(TextArea)>
`;
