// Jest Snapshot v1, https://goo.gl/fbAQLP

exports[`components/Forms/TextArea should render correctly 1`] = `
.c0 {
  padding: 0.7em;
  width: 100%;
  display: block;
  border-radius: 4px;
  border: 1px solid #999999;
  font-size: 1em;
  resize: none;
}

.c0:hover {
  border-color: #808080;
}

.c0:focus {
  outline: none;
  border: 1px solid #3B7A9E;
}

<withChangeHandler(TextArea)
  defaultValue="I am some text"
  id="text"
  name="text"
  onChange={[Function]}
>
  <TextArea
    defaultValue="I am some text"
    id="text"
    name="text"
    onChange={[Function]}
    rows={10}
  >
    <TextArea__StyledTextArea
      defaultValue="I am some text"
      id="text"
      name="text"
      onChange={[Function]}
      rows={10}
    >
      <textarea
        className="c0"
        defaultValue="I am some text"
        id="text"
        name="text"
        onChange={[Function]}
        rows={10}
      />
    </TextArea__StyledTextArea>
  </TextArea>
</withChangeHandler(TextArea)>
`;
