// Jest Snapshot v1, https://goo.gl/fbAQLP

exports[`SectionEditor should render 1`] = `
<div
  id="section-editor"
>
  <Field
    id="title"
  >
    <RichTextEditor
      controls={
        Object {
          "emphasis": true,
        }
      }
      label="title"
      multiline={false}
      onUpdate={[Function]}
      placeholder="Section title"
      size="medium"
    />
  </Field>
  <Field
    id="description"
  >
    <RichTextEditor
      controls={
        Object {
          "bold": true,
          "emphasis": true,
        }
      }
      label="description"
      multiline={false}
      onUpdate={[Function]}
      placeholder="Enter a description (optional)…"
    />
  </Field>
</div>
`;
