// Jest Snapshot v1, https://goo.gl/fbAQLP

exports[`AnswerValidation should not render there are no valid validation types 1`] = `""`;

exports[`AnswerValidation should render 1`] = `
<AnswerValidation__Container>
  <[object Object]
    value={
      Object {
        "answer": Object {
          "id": "1",
          "type": "Number",
        },
      }
    }
  >
    <SidebarButton
      data-test="sidebar-button-min-value"
      key="minValue"
      onClick={[Function]}
    >
      <SidebarButton__Title>
        Min Value
      </SidebarButton__Title>
    </SidebarButton>
    <SidebarButton
      data-test="sidebar-button-max-value"
      key="maxValue"
      onClick={[Function]}
    >
      <SidebarButton__Title>
        Max Value
      </SidebarButton__Title>
    </SidebarButton>
    <Connect(UnconnectedModalWithNav)
      id="modal-validation-1"
      isOpen={false}
      navItems={
        Array [
          Object {
            "id": "minValue",
            "render": [Function],
            "title": "Min Value",
            "types": Array [
              "Currency",
              "Number",
            ],
          },
          Object {
            "id": "maxValue",
            "render": [Function],
            "title": "Max Value",
            "types": Array [
              "Currency",
              "Number",
            ],
          },
        ]
      }
      onClose={[Function]}
      title="Number validation"
    />
  </[object Object]>
</AnswerValidation__Container>
`;
