// Jest Snapshot v1, https://goo.gl/fbAQLP

exports[`components/BaseLayout shoulder render 1`] = `
<App>
  <BaseLayout__Wrapper>
    <Component
      hasUtilityBtns={false}
    />
    <BaseLayout__NavWrapper>
      <Grid__Grid
        align="top"
        fillHeight={false}
      >
        <Column__Column
          offset={3}
        >
          <withRouter() />
        </Column__Column>
      </Grid__Grid>
    </BaseLayout__NavWrapper>
    <BaseLayout__Main>
      Children
    </BaseLayout__Main>
  </BaseLayout__Wrapper>
</App>
`;
