// Jest Snapshot v1, https://goo.gl/fbAQLP

exports[`TextAreaAnswer should render 1`] = `
<Connect(withEntityEditor(StatelessBasicAnswer))
  answer={
    Object {
      "description": "Nullam id dolor id nibh ultricies.",
      "title": "Lorem ipsum",
    }
  }
  onChange={[Function]}
  onUpdate={[Function]}
  store={
    Object {
      "dispatch": [Function],
      "getState": [Function],
      "subscribe": [Function],
    }
  }
>
  <div>
    <TextArea__DummyTextArea
      rows={5}
    />
  </div>
</Connect(withEntityEditor(StatelessBasicAnswer))>
`;
