// Jest Snapshot v1, https://goo.gl/fbAQLP

exports[`components/IconButton will render an icon 1`] = `
<Tooltip
  content="Test"
>
  <div>
    <IconButton__Button
      icon="icon-test.svg"
      onClick={[Function]}
    >
      <VisuallyHidden__VisuallyHidden>
        Test
      </VisuallyHidden__VisuallyHidden>
    </IconButton__Button>
  </div>
</Tooltip>
`;
