// Jest Snapshot v1, https://goo.gl/fbAQLP

exports[`TextAnswer should render 1`] = `
<withEntityEditor(BasicAnswerFields)
  answer={
    Object {
      "description": "Nullam id dolor id nibh ultricies.",
      "title": "Lorem ipsum",
    }
  }
  onChange={[Function]}
  onUpdate={[Function]}
>
  <TextInput__DummyTextInput />
</withEntityEditor(BasicAnswerFields)>
`;
