// Jest Snapshot v1, https://goo.gl/fbAQLP

exports[`MetaEditor should render 1`] = `
<div>
  <Field
    id="title"
  >
    <RichTextEditor
      controls={
        Object {
          "emphasis": true,
        }
      }
      label="title"
      multiline={false}
      onUpdate={[Function]}
      placeholder="Question title"
      size="large"
      value="Page title"
    />
  </Field>
  <Field
    id="description"
  >
    <RichTextEditor
      controls={
        Object {
          "bold": true,
          "emphasis": true,
        }
      }
      label="guidance"
      multiline={false}
      onUpdate={[Function]}
      placeholder="Question text (optional)…"
      value="Page description"
    />
  </Field>
  <Field
    id="guidance"
  >
    <RichTextEditor
      controls={
        Object {
          "bold": true,
          "emphasis": true,
          "heading": true,
          "list": true,
        }
      }
      label="guidance"
      multiline={true}
      onUpdate={[Function]}
      placeholder="Guidance text (optional)…"
      value="Page guidance"
    />
  </Field>
</div>
`;
