// Jest Snapshot v1, https://goo.gl/fbAQLP

exports[`MetaEditor should render 1`] = `
<div>
  <Field
    id="title"
  >
    <RichTextEditor
      autoFocus={false}
      controls={
        Object {
          "emphasis": true,
          "piping": true,
        }
      }
      fetchAnswers={[Function]}
      label="Question"
      multiline={false}
      onUpdate={[Function]}
      placeholder="Question"
      size="large"
      testSelector="txt-question-title"
      value="Page title"
    />
  </Field>
  <Field
    id="description"
  >
    <RichTextEditor
      autoFocus={false}
      controls={
        Object {
          "bold": true,
          "emphasis": true,
          "piping": true,
        }
      }
      fetchAnswers={[Function]}
      label="Question guidance"
      multiline={true}
      onUpdate={[Function]}
      placeholder="Question guidance (optional)…"
      testSelector="txt-question-description"
      value="Page description"
    />
  </Field>
  <Field
    id="guidance"
  >
    <MetaEditor__GuidanceRichTextEditor
      controls={
        Object {
          "bold": true,
          "heading": true,
          "list": true,
          "piping": true,
        }
      }
      fetchAnswers={[Function]}
      label="Include/exclude guidance"
      multiline={true}
      onUpdate={[Function]}
      placeholder="Include / exclude guidance (optional)…"
      testSelector="txt-question-guidance"
      value="Page guidance"
    />
  </Field>
</div>
`;
