// Jest Snapshot v1, https://goo.gl/fbAQLP

exports[`Question Page Editor should render 1`] = `
<div>
  <CanvasSection
    focused={false}
    id="Page1"
    onFocus={[Function]}
  >
    <withEntityEditor(MetaEditor)
      onUpdate={[Function]}
      page={
        Object {
          "__typename": "Page",
          "answers": Array [
            Object {
              "__typename": "BasicAnswer",
              "description": "",
              "id": 1,
              "title": "First name",
              "type": "TextField",
            },
            Object {
              "__typename": "BasicAnswer",
              "description": "",
              "id": 2,
              "title": "Last name",
              "type": "TextField",
            },
          ],
          "description": "",
          "guidance": "",
          "id": 1,
          "title": "",
        }
      }
    />
  </CanvasSection>
  <CanvasSection
    focused={false}
    id="BasicAnswer1"
    onFocus={[Function]}
  >
    <AnswerEditor
      answer={
        Object {
          "__typename": "BasicAnswer",
          "description": "",
          "id": 1,
          "title": "First name",
          "type": "TextField",
        }
      }
      onAddOption={[Function]}
      onDeleteAnswer={[Function]}
      onDeleteOption={[Function]}
      onUpdate={[Function]}
      onUpdateOption={[Function]}
    />
  </CanvasSection>
  <CanvasSection
    focused={false}
    id="BasicAnswer2"
    onFocus={[Function]}
  >
    <AnswerEditor
      answer={
        Object {
          "__typename": "BasicAnswer",
          "description": "",
          "id": 2,
          "title": "Last name",
          "type": "TextField",
        }
      }
      onAddOption={[Function]}
      onDeleteAnswer={[Function]}
      onDeleteOption={[Function]}
      onUpdate={[Function]}
      onUpdateOption={[Function]}
    />
  </CanvasSection>
  <CanvasSection
    focused={false}
    id="answer-selector"
    onFocus={[Function]}
  >
    <AnswerTypeSelector
      onSelect={[Function]}
    />
  </CanvasSection>
</div>
`;
