// Jest Snapshot v1, https://goo.gl/fbAQLP

exports[`Question Page Editor should render 1`] = `
<div
  id="question-page-editor"
>
  <QuestionPageEditor__QuestionCanvasSection
    id="Page1"
  >
    <withModal(UnwrappedQuestionPageToolbar)
      onDeletePage={[Function]}
      page={
        Object {
          "__typename": "Page",
          "answers": Array [
            Object {
              "__typename": "BasicAnswer",
              "description": "",
              "id": "1",
              "title": "First name",
              "type": "TextField",
            },
            Object {
              "__typename": "BasicAnswer",
              "description": "",
              "id": "2",
              "title": "Last name",
              "type": "TextField",
            },
          ],
          "description": "",
          "guidance": "",
          "id": "1",
          "title": "",
        }
      }
    />
    <withApollo(withEntityEditor(StatelessMetaEditor))
      onUpdate={[Function]}
      page={
        Object {
          "__typename": "Page",
          "answers": Array [
            Object {
              "__typename": "BasicAnswer",
              "description": "",
              "id": "1",
              "title": "First name",
              "type": "TextField",
            },
            Object {
              "__typename": "BasicAnswer",
              "description": "",
              "id": "2",
              "title": "Last name",
              "type": "TextField",
            },
          ],
          "description": "",
          "guidance": "",
          "id": "1",
          "title": "",
        }
      }
    />
  </QuestionPageEditor__QuestionCanvasSection>
  <TransitionGroup
    childFactory={[Function]}
    component="div"
  >
    <SlideTransition
      duration={300}
      key="BasicAnswer1"
    >
      <QuestionPageEditor__AnswerSection
        id="BasicAnswer1"
        key="BasicAnswer1"
      >
        <AnswerEditor
          answer={
            Object {
              "__typename": "BasicAnswer",
              "description": "",
              "id": "1",
              "title": "First name",
              "type": "TextField",
            }
          }
          onAddOption={[Function]}
          onDeleteAnswer={[Function]}
          onDeleteOption={[Function]}
          onUpdate={[Function]}
          onUpdateOption={[Function]}
        />
      </QuestionPageEditor__AnswerSection>
    </SlideTransition>
    <SlideTransition
      duration={300}
      key="BasicAnswer2"
    >
      <QuestionPageEditor__AnswerSection
        id="BasicAnswer2"
        key="BasicAnswer2"
      >
        <AnswerEditor
          answer={
            Object {
              "__typename": "BasicAnswer",
              "description": "",
              "id": "2",
              "title": "Last name",
              "type": "TextField",
            }
          }
          onAddOption={[Function]}
          onDeleteAnswer={[Function]}
          onDeleteOption={[Function]}
          onUpdate={[Function]}
          onUpdateOption={[Function]}
        />
      </QuestionPageEditor__AnswerSection>
    </SlideTransition>
  </TransitionGroup>
  <CanvasSection__BasicSection>
    <AnswerTypeSelector
      answers={
        Array [
          Object {
            "__typename": "BasicAnswer",
            "description": "",
            "id": "1",
            "title": "First name",
            "type": "TextField",
          },
          Object {
            "__typename": "BasicAnswer",
            "description": "",
            "id": "2",
            "title": "Last name",
            "type": "TextField",
          },
        ]
      }
      onSelect={[Function]}
    />
  </CanvasSection__BasicSection>
</div>
`;
