// Jest Snapshot v1, https://goo.gl/fbAQLP

exports[`QuestionPageToolbar should render 1`] = `
<QuestionPageToolbar__Toolbar>
  <IconButtonDelete
    data-test="btn-delete"
    onClick={[Function]}
  >
    Delete
  </IconButtonDelete>
  <DeleteConfirmDialog
    isOpen={false}
    onClose={[Function]}
    onDeletePage={[Function]}
    title="Untitled page"
  />
</QuestionPageToolbar__Toolbar>
`;
