// Jest Snapshot v1, https://goo.gl/fbAQLP

exports[`BasicSection should render 1`] = `
.c0:hover {
  outline: 1px solid rgba(59,122,158,0.5);
}

.c0:focus-within {
  box-shadow: none;
  outline: 1px solid transparent;
  outline-color: #3B7A9E;
  -webkit-transition: outline-color 100ms ease-in;
  transition: outline-color 100ms ease-in;
}

<CanvasSection__BasicSection
  className="c0"
  focusOnSection={[Function]}
  id="foo"
  isFocused={true}
  onBlur={[Function]}
>
  <Child />
</CanvasSection__BasicSection>
`;
