// Jest Snapshot v1, https://goo.gl/fbAQLP

exports[`QuestionnaireNav should render 1`] = `
<QuestionnaireNav__Container
  id="questionnaire-nav"
>
  <QuestionnaireNav__Title>
    Questionnaire structure
  </QuestionnaireNav__Title>
  <SectionNav
    onAddPage={[Function]}
    onDeletePage={[Function]}
    onDeleteSection={[Function]}
    questionnaire={
      Object {
        "id": "1",
        "sections": Array [
          Object {
            "id": "3",
            "pages": Array [
              Object {
                "id": "2",
                "title": "Page",
              },
            ],
            "title": "Section",
          },
        ],
        "title": "Questionnaire",
      }
    }
    transitionDuration={200}
  />
  <QuestionnaireNav__AddSection>
    <QuestionnaireNav__AddSectionBtn
      onClick={[Function]}
      primary={true}
    >
      Create new section
    </QuestionnaireNav__AddSectionBtn>
  </QuestionnaireNav__AddSection>
</QuestionnaireNav__Container>
`;
