// Jest Snapshot v1, https://goo.gl/fbAQLP

exports[`PageNav PageNavItem should render 1`] = `undefined`;

exports[`PageNav should render 1`] = `
<TransitionGroup
  childFactory={[Function]}
  component={[Function]}
>
  <CSSTransition
    classNames="page"
    key="2"
    timeout={300}
  >
    <withRouter(PageNavItem)
      index={1}
      onDelete={[Function]}
      pageId="2"
      pageNumber="1.1"
      questionnaireId="1"
      sectionId="3"
      title="Page"
    />
  </CSSTransition>
</TransitionGroup>
`;
