// Jest Snapshot v1, https://goo.gl/fbAQLP

exports[`SectionNav should render 1`] = `
<TransitionGroup
  childFactory={[Function]}
  component={[Function]}
>
  <CSSTransition
    classNames="section"
    timeout={200}
  >
    <SectionNavItem
      duration={200}
      onAddPage={[Function]}
      onDeletePage={[Function]}
      onDeleteSection={[Function]}
      questionnaire={
        Object {
          "id": "1",
          "sections": Array [
            Object {
              "id": "3",
              "pages": Array [
                Object {
                  "id": "2",
                  "title": "Page",
                },
              ],
              "title": "Section",
            },
          ],
          "title": "Questionnaire",
        }
      }
      section={
        Object {
          "id": "3",
          "number": 1,
          "pages": Array [
            Object {
              "id": "2",
              "title": "Page",
            },
          ],
          "title": "Section",
        }
      }
    />
  </CSSTransition>
</TransitionGroup>
`;
