// Jest Snapshot v1, https://goo.gl/fbAQLP

exports[`SectionNav should render 1`] = `
<TransitionGroup
  childFactory={[Function]}
  component={[Function]}
>
  <CSSTransition
    classNames="section"
    timeout={200}
  >
    <SectionNav__SectionItem>
      <SectionNav__Link
        activeClassName="selected"
        aria-disabled={false}
        to="/questionnaire/1/design/3/2"
      >
        <SectionNav__SectionTitle>
          Section
        </SectionNav__SectionTitle>
      </SectionNav__Link>
      <PageNav
        onDelete={[Function]}
        questionnaire={
          Object {
            "id": "1",
            "sections": Array [
              Object {
                "id": "3",
                "pages": Array [
                  Object {
                    "id": "2",
                    "title": "Page",
                  },
                ],
                "title": "Section",
              },
            ],
            "title": "Questionnaire",
          }
        }
        section={
          Object {
            "id": "3",
            "number": "1.",
            "pages": Array [
              Object {
                "id": "2",
                "title": "Page",
              },
            ],
            "title": "Section",
          }
        }
      />
      <SectionNav__AddPageBtn
        id="btn-add-page"
        onClick={[Function]}
      >
        + Add page
      </SectionNav__AddPageBtn>
    </SectionNav__SectionItem>
  </CSSTransition>
</TransitionGroup>
`;
