// Jest Snapshot v1, https://goo.gl/fbAQLP

exports[`components/Forms/Input Text should render correctly 1`] = `
.c0 {
  padding: 0.7em;
  width: 100%;
  display: block;
  border-radius: 2px;
  border: 1px solid #EAEAEA;
  font-size: 0.9em;
}

.c0:focus {
  outline: none;
  border: 1px solid #61BDE0;
}

<withChangeHandler(Input)
  defaultValue="I am some text"
  id="text"
  onChange={[Function]}
>
  <Input
    defaultValue="I am some text"
    id="text"
    onChange={[Function]}
    type="text"
  >
    <Input__StyledInput
      defaultValue="I am some text"
      id="text"
      name="text"
      onChange={[Function]}
      type="text"
    >
      <input
        className="c0"
        defaultValue="I am some text"
        id="text"
        name="text"
        onChange={[Function]}
        type="text"
      />
    </Input__StyledInput>
  </Input>
</withChangeHandler(Input)>
`;
