// Jest Snapshot v1, https://goo.gl/fbAQLP

exports[`components/IconLink will render an icon 1`] = `
<Tooltip
  content="Test"
>
  <div>
    <IconLink__StyledLink
      href="http://localhost"
      onClick={[Function]}
    >
      <Component />
      <VisuallyHidden>
        Test
      </VisuallyHidden>
    </IconLink__StyledLink>
  </div>
</Tooltip>
`;
