// Jest Snapshot v1, https://goo.gl/fbAQLP

exports[`QuestionnaireProperties should render 1`] = `
<QuestionnaireProperties__QuestionnairePropertiesPanel>
  <Field
    id="title"
  >
    <Label
      small={true}
    >
      Title
    </Label>
    <withChangeHandler(Input)
      autoFocus={true}
      defaultValue="Questionnaire title"
      onBlur={[Function]}
      onChange={[Function]}
      required={true}
    />
  </Field>
  <Grid
    align="top"
    fillHeight={true}
  >
    <Column
      cols={12}
    >
      <Field
        id="theme"
      >
        <Label
          small={true}
        >
          Theme
        </Label>
        <withChangeHandler(Select)
          defaultValue="default"
          onBlur={[Function]}
          onChange={[Function]}
          options={
            Array [
              "default",
              "census",
            ]
          }
        />
      </Field>
    </Column>
  </Grid>
  <Grid
    align="top"
    fillHeight={true}
  >
    <Column
      cols={12}
    >
      <Field
        id="legalBasis"
      >
        <Label
          small={true}
        >
          Legal Basis
        </Label>
        <withChangeHandler(Select)
          defaultValue="Voluntary"
          onBlur={[Function]}
          onChange={[Function]}
          options={
            Array [
              "StatisticsOfTradeAct",
              "Voluntary",
            ]
          }
        />
      </Field>
    </Column>
  </Grid>
  <Grid
    align="top"
    fillHeight={true}
  >
    <Column
      cols={12}
    >
      <QuestionnaireProperties__InlineField
        id="navigation"
      >
        <Label
          inline={true}
          small={true}
        >
          Display navigation
        </Label>
        <ToggleSwitch
          checked={false}
          name="navigation"
          onChange={[Function]}
        />
      </QuestionnaireProperties__InlineField>
    </Column>
  </Grid>
  <Grid
    align="top"
    fillHeight={true}
  >
    <Column
      cols={12}
    >
      <QuestionnaireProperties__InlineField
        id="summary"
      >
        <Label
          inline={true}
          small={true}
        >
          Summary on confirmation page
        </Label>
        <ToggleSwitch
          checked={false}
          name="summary"
          onChange={[Function]}
        />
      </QuestionnaireProperties__InlineField>
    </Column>
  </Grid>
</QuestionnaireProperties__QuestionnairePropertiesPanel>
`;
