// Jest Snapshot v1, https://goo.gl/fbAQLP

exports[`Answer Properties should render 1`] = `
<AnswerProperties__InlineField
  id="mandatory"
>
  <Label
    inline={true}
    small={true}
  >
    Answer required
  </Label>
  <ToggleSwitch
    checked={false}
    name="mandatory"
    onChange={[Function]}
  />
</AnswerProperties__InlineField>
`;
