// Jest Snapshot v1, https://goo.gl/fbAQLP

exports[`Answer Properties should render 1`] = `
<div>
  <AnswerProperties__InlineField
    key="answer-1-required"
  >
    <Label
      bold={false}
      htmlFor="answer-1-required"
      inline={true}
    >
      Required
    </Label>
    <ToggleSwitch
      checked={true}
      id="answer-1-required"
      name="answer-1-required"
      onChange={[Function]}
    />
  </AnswerProperties__InlineField>
  <AnswerProperties__InlineField
    key="answer-1-decimals"
  >
    <Label
      bold={false}
      htmlFor="answer-1-decimals"
      inline={true}
    >
      Decimals
    </Label>
    <Number
      id="answer-1-decimals"
      max={6}
      min={0}
      name="answer-1-decimals"
      onChange={[Function]}
      step={1}
      value={2}
    />
  </AnswerProperties__InlineField>
</div>
`;
