// Jest Snapshot v1, https://goo.gl/fbAQLP

exports[`components/RoutingRuleset should render children 1`] = `
<React.Fragment>
  <div>
    I am a child
  </div>
  <RoutingRuleset__AddRuleButton
    data-test="btn-add-rule"
    disabled={false}
    naked={true}
    onClick={[Function]}
    small={true}
  >
    <IconText
      hideText={false}
      icon={[Function]}
    >
      Add rule
    </IconText>
  </RoutingRuleset__AddRuleButton>
  <RoutingRuleset__RoutingRuleCanvas>
    <RoutingRuleResultSelector
      data-test="select-else"
      disabled={false}
      id="else"
      label="ELSE"
      onChange={[Function]}
      sections={
        Array [
          Object {
            "id": "1",
            "pages": Array [
              Object {
                "disabled": false,
                "id": "2",
                "options": Array [
                  Object {
                    "id": "3",
                    "label": "Bibendum Cras",
                    "selected": false,
                  },
                  Object {
                    "id": "4",
                    "label": "Aenean Quam Venenatis Elit",
                    "selected": false,
                  },
                  Object {
                    "id": "5",
                    "label": "Purus Ornare Ipsum",
                    "selected": false,
                  },
                  Object {
                    "id": "6",
                    "label": "Nibh",
                    "selected": false,
                  },
                  Object {
                    "id": "7",
                    "label": "Risus Mattis Magna Bibendum",
                    "selected": false,
                  },
                  Object {
                    "id": "8",
                    "label": "Consectetur Ultricies Purus Elit Fermentum",
                    "selected": false,
                  },
                ],
                "pageType": "QuestionPage",
                "title": "1.1 Curabitur blandit tempus porttitor",
              },
              Object {
                "disabled": false,
                "id": "9",
                "options": Array [
                  Object {
                    "id": "10",
                    "label": "Yes",
                    "selected": false,
                  },
                  Object {
                    "id": "11",
                    "label": "No",
                    "selected": false,
                  },
                ],
                "pageType": "QuestionPage",
                "title": "1.2 Nulla vitae elit libero, a pharetra augue.",
              },
            ],
            "title": "1. Integer posuere erat a ante",
          },
        ]
      }
    />
  </RoutingRuleset__RoutingRuleCanvas>
</React.Fragment>
`;
