// Jest Snapshot v1, https://goo.gl/fbAQLP

exports[`components/RoutingRuleResultSelector should render 1`] = `
<RoutingRuleResultSelector__RoutingRuleResult
  key="test-select"
>
  <Grid
    align="center"
    fillHeight={true}
  >
    <Column
      cols={5}
      gutters={false}
    >
      <RoutingRuleResultSelector__Label
        disabled={false}
        htmlFor="test-select"
      >
        Test
         
        <RoutingRuleResultSelector__Goto>
          Go to: 
        </RoutingRuleResultSelector__Goto>
      </RoutingRuleResultSelector__Label>
    </Column>
    <Column
      cols={7}
      gutters={false}
    >
      <GroupedSelect
        data-test="result-selector"
        disabled={false}
        groups={
          Array [
            Object {
              "id": "questions",
              "label": "Questions in this section",
              "options": Array [
                Object {
                  "label": "Page Title",
                  "value": "{\\"absoluteDestination\\":{\\"destinationType\\":\\"QuestionPage\\",\\"destinationId\\":\\"1\\"}}",
                },
                Object {
                  "label": "Page Title",
                  "value": "{\\"absoluteDestination\\":{\\"destinationType\\":\\"QuestionPage\\",\\"destinationId\\":\\"2\\"}}",
                },
              ],
            },
          ]
        }
        id="test-select"
        onChange={[Function]}
        valid={true}
        value="{\\"logicalDestination\\":{\\"destinationType\\":{\\"destinationType\\":\\"EndOfQuestionnaire\\"}}}"
      />
    </Column>
  </Grid>
</RoutingRuleResultSelector__RoutingRuleResult>
`;
