// Jest Snapshot v1, https://goo.gl/fbAQLP

exports[`CheckboxOption should match snapshot 1`] = `
<CheckboxOption__StyledCheckboxOption>
  <Field
    id="label"
  >
    <CheckboxOption__StyledCheckboxInput
      disabled={true}
      type="checkbox"
    />
    <CheckboxOption__SeamlessLabel
      data-autoFocus={true}
      onBlur={[Function]}
      onChange={[Function]}
      placeholder="Label"
      size="medium"
      value=""
    />
  </Field>
  <Field
    id="description"
  >
    <withSeamlessness(withChangeHandler(SeamlessTextArea__TextArea))
      cols="30"
      onBlur={[Function]}
      onChange={[Function]}
      optional={false}
      placeholder="Optional description"
      rows="5"
      size="small"
      value=""
    />
  </Field>
  <CheckboxOption__DeleteButton
    onClick={[Function]}
    type="button"
  >
    ×
  </CheckboxOption__DeleteButton>
</CheckboxOption__StyledCheckboxOption>
`;
