// Jest Snapshot v1, https://goo.gl/fbAQLP

exports[`CheckboxAnswer should match snapshot 1`] = `
<CheckboxAnswer__CheckboxAnswerWrapper>
  <TransitionGroup
    childFactory={[Function]}
    component={[Function]}
  >
    <CSSTransition
      classNames="option"
      timeout={200}
    >
      <CheckboxAnswer__CheckboxOption>
        <Field
          id="answers[0].options[0].label"
        >
          <CheckboxAnswer__StyledCheckboxInput
            disabled={true}
            type="checkbox"
          />
          <CheckboxAnswer__SeamlessLabel
            autoFocus={true}
            onBlur={[Function]}
            onChange={[Function]}
            onFocus={[Function]}
            placeholder="Label"
            size="medium"
            value=""
          />
        </Field>
        <Field
          id="answers[0].options[0].description"
        >
          <withSeamlessness(withChangeHandler(SeamlessTextArea__TextArea))
            cols="30"
            focused={false}
            onBlur={[Function]}
            onChange={[Function]}
            onFocus={[Function]}
            optional={false}
            placeholder="Optional description"
            rows="5"
            size="small"
            value=""
          />
        </Field>
      </CheckboxAnswer__CheckboxOption>
    </CSSTransition>
  </TransitionGroup>
  <div>
    <Button
      onClick={[Function]}
      secondary={true}
      type="button"
    >
      Add another option
    </Button>
  </div>
</CheckboxAnswer__CheckboxAnswerWrapper>
`;
