// Jest Snapshot v1, https://goo.gl/fbAQLP

exports[`CheckboxAnswer should match snapshot 1`] = `
<CheckboxAnswer__CheckboxAnswerWrapper>
  <TransitionGroup
    childFactory={[Function]}
    component={[Function]}
  >
    <CSSTransition
      classNames="option"
      onEntered={[Function]}
      timeout={200}
    >
      <CheckboxOption
        answerIndex={0}
        hasDeleteButton={false}
        onBlur={[Function]}
        onChange={[Function]}
        onDelete={[Function]}
        onFocus={[Function]}
        option={
          Object {
            "description": "",
            "id": 1,
            "label": "",
          }
        }
        optionIndex={0}
        optionName="answer-0-option-1"
      />
    </CSSTransition>
  </TransitionGroup>
  <div>
    <Button
      onClick={[Function]}
      secondary={true}
      type="button"
    >
      Add another option
    </Button>
  </div>
</CheckboxAnswer__CheckboxAnswerWrapper>
`;
