// Jest Snapshot v1, https://goo.gl/fbAQLP

exports[`WrappingInput should render 1`] = `
.c0 {
  resize: none;
  border: none;
  padding: 0;
  color: #35414D;
  display: block;
  width: 100%;
  font-size: 0.875em;
  -webkit-transition: outline-color 100ms ease-in;
  transition: outline-color 100ms ease-in;
  outline: 1px solid transparent;
  outline-offset: 0.25rem;
}

.c0:hover {
  outline-color: rgba(0,138,210,0.5);
}

.c0:focus {
  outline-color: #008AD2;
}

.c0::-webkit-input-placeholder {
  color: #a3a3a3;
}

.c0::-moz-placeholder {
  color: #a3a3a3;
}

.c0:-ms-input-placeholder {
  color: #a3a3a3;
}

.c0::placeholder {
  color: #a3a3a3;
}

<withChangeHandler(WrappingTextArea)
  id="foo"
  onChange={[Function]}
  value="123"
>
  <WrappingTextArea
    id="foo"
    onChange={[Function]}
    size="small"
    value="123"
  >
    <WrappingInput__TextArea
      id="foo"
      onChange={[Function]}
      onKeyDown={[Function]}
      size="small"
      value="123"
    >
      <TextareaAutosize
        className="c0"
        id="foo"
        onChange={[Function]}
        onHeightChange={[Function]}
        onKeyDown={[Function]}
        size="small"
        useCacheForDOMMeasurements={false}
        value="123"
      >
        <textarea
          className="c0"
          id="foo"
          onChange={[Function]}
          onKeyDown={[Function]}
          size="small"
          style={
            Object {
              "height": 0,
            }
          }
          value="123"
        />
      </TextareaAutosize>
    </WrappingInput__TextArea>
  </WrappingTextArea>
</withChangeHandler(WrappingTextArea)>
`;
