// Jest Snapshot v1, https://goo.gl/fbAQLP

exports[`PropertiesPanel should render when there are answers 1`] = `
<PropertiesPanel__PropertiesPane>
  <PropertiesPanel__PropertiesPaneBody>
    <ScrollPane>
      <div>
        <PropertiesPanel__PropertiesPanelTitle>
          Answer properties
        </PropertiesPanel__PropertiesPanelTitle>
        <PropertiesPanel__PropertiesGroup>
          <div
            key="Answer1"
          >
            <Apollo(AnswerProperties)
              answer={
                Object {
                  "__typename": "Answer",
                  "id": "1",
                  "index": 0,
                }
              }
              id="Answer1"
              onSubmit={[Function]}
            />
          </div>
          <div
            key="Answer2"
          >
            <Apollo(AnswerProperties)
              answer={
                Object {
                  "__typename": "Answer",
                  "id": "2",
                  "index": 1,
                }
              }
              id="Answer2"
              onSubmit={[Function]}
            />
          </div>
        </PropertiesPanel__PropertiesGroup>
      </div>
    </ScrollPane>
  </PropertiesPanel__PropertiesPaneBody>
</PropertiesPanel__PropertiesPane>
`;

exports[`PropertiesPanel should render when there are no answers 1`] = `
<PropertiesPanel__PropertiesPane>
  <PropertiesPanel__PropertiesPaneBody>
    <ScrollPane />
  </PropertiesPanel__PropertiesPaneBody>
</PropertiesPanel__PropertiesPane>
`;
