// Jest Snapshot v1, https://goo.gl/fbAQLP

exports[`NavigationSidebar should render 1`] = `
<NavigationSidebar__Container
  data-test="side-nav"
>
  <NavigationHeader
    onUpdateQuestionnaire={[Function]}
    questionnaire={
      Object {
        "id": "1",
        "sections": Array [
          Object {
            "id": "3",
            "pages": Array [
              Object {
                "id": "2",
                "title": "Page",
              },
            ],
            "title": "Section",
          },
        ],
        "title": "Questionnaire",
      }
    }
  />
  <NavigationSidebar__NavigationScrollPane>
    <SectionNav
      onAddPage={[Function]}
      questionnaire={
        Object {
          "id": "1",
          "sections": Array [
            Object {
              "id": "3",
              "pages": Array [
                Object {
                  "id": "2",
                  "title": "Page",
                },
              ],
              "title": "Section",
            },
          ],
          "title": "Questionnaire",
        }
      }
      transitionDuration={200}
    />
  </NavigationSidebar__NavigationScrollPane>
  <NavigationSidebar__AddSection>
    <NavigationSidebar__AddSectionBtn
      clear={true}
      data-test="btn-add-section"
      highlightOnHover={false}
      icon={[Function]}
      onClick={[Function]}
    >
      Add section
    </NavigationSidebar__AddSectionBtn>
  </NavigationSidebar__AddSection>
</NavigationSidebar__Container>
`;
