// Jest Snapshot v1, https://goo.gl/fbAQLP

exports[`NavigationHeader should render 1`] = `
<NavigationHeader__IconList>
  <li>
    <Link
      replace={false}
      to="/"
    >
      <VisuallyHidden>
        Home
      </VisuallyHidden>
      <NavigationHeader__HomeIconLink />
    </Link>
  </li>
  <li>
    <NavigationHeader__SettingsButton
      clear={true}
      data-test="settings-btn"
      highlightOnHover={false}
      icon={[Function]}
      onClick={[Function]}
    >
      Settings
    </NavigationHeader__SettingsButton>
    <QuestionnaireSettingsModal
      confirmText="Apply"
      isOpen={false}
      onClose={[Function]}
      onSubmit={[Function]}
      questionnaire={Object {}}
    />
  </li>
</NavigationHeader__IconList>
`;
