// Jest Snapshot v1, https://goo.gl/fbAQLP

exports[`NavigationHeader should render 1`] = `
<NavigationHeader__IconList>
  <li>
    <Link
      replace={false}
      to="/"
    >
      <VisuallyHidden>
        Home
      </VisuallyHidden>
      <InlineSVG
        cacheGetRequests={false}
        onLoad={[Function]}
        src="icon-home.svg"
        supportTest={[Function]}
        uniqueHash="home-icon"
        uniquifyIDs={true}
        wrapper={[Function]}
      />
    </Link>
  </li>
  <li>
    <ModalTrigger />
  </li>
</NavigationHeader__IconList>
`;
