// Jest Snapshot v1, https://goo.gl/fbAQLP

exports[`PageNav should render 1`] = `
<TransitionGroup
  childFactory={[Function]}
  component={[Function]}
>
  <CSSTransition
    classNames="page"
    key="2"
    timeout={300}
  >
    <PageNavItem
      pageId="2"
      questionnaireId="1"
      sectionId="3"
      title="Page"
    />
  </CSSTransition>
</TransitionGroup>
`;
