// Jest Snapshot v1, https://goo.gl/fbAQLP

exports[`PageNavItem should render 1`] = `
<PageNavItem__StyledPageItem
  data-test="page-item"
>
  <NavLink
    data-test="nav-page-link"
    icon={[Function]}
    title="Title"
    to="/questionnaire/1/design/2/3"
  >
    Title
  </NavLink>
</PageNavItem__StyledPageItem>
`;
