// Jest Snapshot v1, https://goo.gl/fbAQLP

exports[`MovePageModal/SectionSelectModal should render 1`] = `
<PlainModal
  isOpen={true}
  onClose={[Function]}
>
  <PlainModal__Fieldset>
    <PlainModal__Title>
      Section
    </PlainModal__Title>
    <Body>
      <withChangeHandler(ItemSelect)
        name="section"
        onChange={[Function]}
        value="1"
      >
        <Option
          key="1"
          value="1"
        >
          section 1
        </Option>
        <Option
          key="2"
          value="2"
        >
          section 2
        </Option>
      </withChangeHandler(ItemSelect)>
    </Body>
  </PlainModal__Fieldset>
</PlainModal>
`;
