// Jest Snapshot v1, https://goo.gl/fbAQLP

exports[`Dummy/DateRange should render 1`] = `
<DateRange__StyledDateRange>
  <DateRange__Fieldset>
    <DateRange__Legend>
      Period from
    </DateRange__Legend>
    <DatePicker />
  </DateRange__Fieldset>
  <DateRange__Fieldset>
    <DateRange__Legend>
      Period to
    </DateRange__Legend>
    <DatePicker />
  </DateRange__Fieldset>
</DateRange__StyledDateRange>
`;

exports[`Dummy/DateRange should render dummy DatePicker 1`] = `
<DateRange__Flex>
  <DateRange__Field>
    <DateRange__Label>
      Day
    </DateRange__Label>
    <DateRange__Input
      placeholder="DD"
    />
  </DateRange__Field>
  <DateRange__SelectField>
    <DateRange__Label>
      Month
    </DateRange__Label>
    <DateRange__Select
      placeholder="Select month"
    />
  </DateRange__SelectField>
  <DateRange__Field>
    <DateRange__Label>
      Year
    </DateRange__Label>
    <DateRange__Input
      placeholder="YYYY"
    />
  </DateRange__Field>
</DateRange__Flex>
`;
